Archive member included because of file (symbol)

c:/winavr-20100110/bin/../lib/gcc/avr/4.3.3/avr5\libgcc.a(_udivmodsi4.o)
                              ./Mydrivers/uart.o (__udivmodsi4)
c:/winavr-20100110/bin/../lib/gcc/avr/4.3.3/avr5\libgcc.a(_exit.o)
                              c:/winavr-20100110/bin/../lib/gcc/avr/4.3.3/../../../../avr/lib/avr5/crtm16.o (exit)
c:/winavr-20100110/bin/../lib/gcc/avr/4.3.3/avr5\libgcc.a(_copy_data.o)
                              ./main.o (__do_copy_data)
c:/winavr-20100110/bin/../lib/gcc/avr/4.3.3/avr5\libgcc.a(_clear_bss.o)
                              ./Mydrivers/adc.o (__do_clear_bss)
c:/winavr-20100110/bin/../lib/gcc/avr/4.3.3/avr5\libgcc.a(_fixunssfsi.o)
                              ./Mydrivers/external_eeprom.o (__fixunssfsi)
c:/winavr-20100110/bin/../lib/gcc/avr/4.3.3/avr5\libgcc.a(_addsub_sf.o)
                              c:/winavr-20100110/bin/../lib/gcc/avr/4.3.3/avr5\libgcc.a(_fixunssfsi.o) (__subsf3)
c:/winavr-20100110/bin/../lib/gcc/avr/4.3.3/avr5\libgcc.a(_mul_sf.o)
                              ./Mydrivers/external_eeprom.o (__mulsf3)
c:/winavr-20100110/bin/../lib/gcc/avr/4.3.3/avr5\libgcc.a(_gt_sf.o)
                              ./Mydrivers/external_eeprom.o (__gtsf2)
c:/winavr-20100110/bin/../lib/gcc/avr/4.3.3/avr5\libgcc.a(_ge_sf.o)
                              c:/winavr-20100110/bin/../lib/gcc/avr/4.3.3/avr5\libgcc.a(_fixunssfsi.o) (__gesf2)
c:/winavr-20100110/bin/../lib/gcc/avr/4.3.3/avr5\libgcc.a(_lt_sf.o)
                              ./Mydrivers/external_eeprom.o (__ltsf2)
c:/winavr-20100110/bin/../lib/gcc/avr/4.3.3/avr5\libgcc.a(_sf_to_si.o)
                              c:/winavr-20100110/bin/../lib/gcc/avr/4.3.3/avr5\libgcc.a(_fixunssfsi.o) (__fixsfsi)
c:/winavr-20100110/bin/../lib/gcc/avr/4.3.3/avr5\libgcc.a(_thenan_sf.o)
                              c:/winavr-20100110/bin/../lib/gcc/avr/4.3.3/avr5\libgcc.a(_addsub_sf.o) (__thenan_sf)
c:/winavr-20100110/bin/../lib/gcc/avr/4.3.3/avr5\libgcc.a(_prologue.o)
                              c:/winavr-20100110/bin/../lib/gcc/avr/4.3.3/avr5\libgcc.a(_addsub_sf.o) (__prologue_saves__)
c:/winavr-20100110/bin/../lib/gcc/avr/4.3.3/avr5\libgcc.a(_epilogue.o)
                              c:/winavr-20100110/bin/../lib/gcc/avr/4.3.3/avr5\libgcc.a(_addsub_sf.o) (__epilogue_restores__)
c:/winavr-20100110/bin/../lib/gcc/avr/4.3.3/avr5\libgcc.a(_pack_sf.o)
                              c:/winavr-20100110/bin/../lib/gcc/avr/4.3.3/avr5\libgcc.a(_addsub_sf.o) (__pack_f)
c:/winavr-20100110/bin/../lib/gcc/avr/4.3.3/avr5\libgcc.a(_unpack_sf.o)
                              c:/winavr-20100110/bin/../lib/gcc/avr/4.3.3/avr5\libgcc.a(_addsub_sf.o) (__unpack_f)
c:/winavr-20100110/bin/../lib/gcc/avr/4.3.3/avr5\libgcc.a(_fpcmp_parts_sf.o)
                              c:/winavr-20100110/bin/../lib/gcc/avr/4.3.3/avr5\libgcc.a(_gt_sf.o) (__fpcmp_parts_f)
c:/winavr-20100110/bin/../lib/gcc/avr/4.3.3/../../../../avr/lib/avr5\libc.a(itoa.o)
                              ./Mydrivers/lcd.o (itoa)
c:/winavr-20100110/bin/../lib/gcc/avr/4.3.3/../../../../avr/lib/avr5\libc.a(strrev.o)
                              c:/winavr-20100110/bin/../lib/gcc/avr/4.3.3/../../../../avr/lib/avr5\libc.a(itoa.o) (strrev)
c:/winavr-20100110/bin/../lib/gcc/avr/4.3.3/avr5\libgcc.a(_udivmodhi4.o)
                              c:/winavr-20100110/bin/../lib/gcc/avr/4.3.3/../../../../avr/lib/avr5\libc.a(itoa.o) (__udivmodhi4)

Allocating common symbols
Common symbol       size              file

g_adcResult         0x2               ./Mydrivers/adc.o

Memory Configuration

Name             Origin             Length             Attributes
text             0x00000000         0x00020000         xr
data             0x00800060         0x0000ffa0         rw !x
eeprom           0x00810000         0x00010000         rw !x
fuse             0x00820000         0x00000400         rw !x
lock             0x00830000         0x00000400         rw !x
signature        0x00840000         0x00000400         rw !x
*default*        0x00000000         0xffffffff

Linker script and memory map

LOAD c:/winavr-20100110/bin/../lib/gcc/avr/4.3.3/../../../../avr/lib/avr5/crtm16.o
LOAD ./Mydrivers/adc.o
LOAD ./Mydrivers/external_eeprom.o
LOAD ./Mydrivers/i2c.o
LOAD ./Mydrivers/icu.o
LOAD ./Mydrivers/keypad.o
LOAD ./Mydrivers/lcd.o
LOAD ./Mydrivers/motor.o
LOAD ./Mydrivers/spi.o
LOAD ./Mydrivers/timers.o
LOAD ./Mydrivers/uart.o
LOAD ./main.o
LOAD c:/winavr-20100110/bin/../lib/gcc/avr/4.3.3/avr5\libgcc.a
LOAD c:/winavr-20100110/bin/../lib/gcc/avr/4.3.3/../../../../avr/lib/avr5\libc.a
LOAD c:/winavr-20100110/bin/../lib/gcc/avr/4.3.3/avr5\libgcc.a

.hash
 *(.hash)

.dynsym
 *(.dynsym)

.dynstr
 *(.dynstr)

.gnu.version
 *(.gnu.version)

.gnu.version_d
 *(.gnu.version_d)

.gnu.version_r
 *(.gnu.version_r)

.rel.init
 *(.rel.init)

.rela.init
 *(.rela.init)

.rel.text
 *(.rel.text)
 *(.rel.text.*)
 *(.rel.gnu.linkonce.t*)

.rela.text
 *(.rela.text)
 *(.rela.text.*)
 *(.rela.gnu.linkonce.t*)

.rel.fini
 *(.rel.fini)

.rela.fini
 *(.rela.fini)

.rel.rodata
 *(.rel.rodata)
 *(.rel.rodata.*)
 *(.rel.gnu.linkonce.r*)

.rela.rodata
 *(.rela.rodata)
 *(.rela.rodata.*)
 *(.rela.gnu.linkonce.r*)

.rel.data
 *(.rel.data)
 *(.rel.data.*)
 *(.rel.gnu.linkonce.d*)

.rela.data
 *(.rela.data)
 *(.rela.data.*)
 *(.rela.gnu.linkonce.d*)

.rel.ctors
 *(.rel.ctors)

.rela.ctors
 *(.rela.ctors)

.rel.dtors
 *(.rel.dtors)

.rela.dtors
 *(.rela.dtors)

.rel.got
 *(.rel.got)

.rela.got
 *(.rela.got)

.rel.bss
 *(.rel.bss)

.rela.bss
 *(.rela.bss)

.rel.plt
 *(.rel.plt)

.rela.plt
 *(.rela.plt)

.text           0x00000000     0x3662
 *(.vectors)
 .vectors       0x00000000       0x54 c:/winavr-20100110/bin/../lib/gcc/avr/4.3.3/../../../../avr/lib/avr5/crtm16.o
                0x00000000                __vectors
                0x00000000                __vector_default
 *(.vectors)
 *(.progmem.gcc*)
 *(.progmem*)
                0x00000054                . = ALIGN (0x2)
                0x00000054                __trampolines_start = .
 *(.trampolines)
 .trampolines   0x00000054        0x0 linker stubs
 *(.trampolines*)
                0x00000054                __trampolines_end = .
 *(.jumptables)
 *(.jumptables*)
 *(.lowtext)
 *(.lowtext*)
                0x00000054                __ctors_start = .
 *(.ctors)
                0x00000054                __ctors_end = .
                0x00000054                __dtors_start = .
 *(.dtors)
                0x00000054                __dtors_end = .
 SORT(*)(.ctors)
 SORT(*)(.dtors)
 *(.init0)
 .init0         0x00000054        0x0 c:/winavr-20100110/bin/../lib/gcc/avr/4.3.3/../../../../avr/lib/avr5/crtm16.o
                0x00000054                __init
 *(.init0)
 *(.init1)
 *(.init1)
 *(.init2)
 .init2         0x00000054        0xc c:/winavr-20100110/bin/../lib/gcc/avr/4.3.3/../../../../avr/lib/avr5/crtm16.o
 *(.init2)
 *(.init3)
 *(.init3)
 *(.init4)
 .init4         0x00000060       0x16 c:/winavr-20100110/bin/../lib/gcc/avr/4.3.3/avr5\libgcc.a(_copy_data.o)
                0x00000060                __do_copy_data
 .init4         0x00000076       0x10 c:/winavr-20100110/bin/../lib/gcc/avr/4.3.3/avr5\libgcc.a(_clear_bss.o)
                0x00000076                __do_clear_bss
 *(.init4)
 *(.init5)
 *(.init5)
 *(.init6)
 *(.init6)
 *(.init7)
 *(.init7)
 *(.init8)
 *(.init8)
 *(.init9)
 .init9         0x00000086        0x8 c:/winavr-20100110/bin/../lib/gcc/avr/4.3.3/../../../../avr/lib/avr5/crtm16.o
 *(.init9)
 *(.text)
 .text          0x0000008e        0x4 c:/winavr-20100110/bin/../lib/gcc/avr/4.3.3/../../../../avr/lib/avr5/crtm16.o
                0x0000008e                __vector_1
                0x0000008e                __bad_interrupt
                0x0000008e                __vector_2
                0x0000008e                __vector_15
                0x0000008e                __vector_10
                0x0000008e                __vector_16
                0x0000008e                __vector_18
                0x0000008e                __vector_20
 .text          0x00000092        0x0 ./Mydrivers/adc.o
 .text          0x00000092        0x0 ./Mydrivers/external_eeprom.o
 .text          0x00000092        0x0 ./Mydrivers/i2c.o
 .text          0x00000092        0x0 ./Mydrivers/icu.o
 .text          0x00000092        0x0 ./Mydrivers/keypad.o
 .text          0x00000092        0x0 ./Mydrivers/lcd.o
 .text          0x00000092        0x0 ./Mydrivers/motor.o
 .text          0x00000092        0x0 ./Mydrivers/spi.o
 .text          0x00000092        0x0 ./Mydrivers/timers.o
 .text          0x00000092        0x0 ./Mydrivers/uart.o
 .text          0x00000092        0x0 ./main.o
 .text          0x00000092        0x0 c:/winavr-20100110/bin/../lib/gcc/avr/4.3.3/avr5\libgcc.a(_udivmodsi4.o)
 .text          0x00000092        0x0 c:/winavr-20100110/bin/../lib/gcc/avr/4.3.3/avr5\libgcc.a(_exit.o)
 .text          0x00000092        0x0 c:/winavr-20100110/bin/../lib/gcc/avr/4.3.3/avr5\libgcc.a(_copy_data.o)
 .text          0x00000092        0x0 c:/winavr-20100110/bin/../lib/gcc/avr/4.3.3/avr5\libgcc.a(_clear_bss.o)
 .text          0x00000092       0x58 c:/winavr-20100110/bin/../lib/gcc/avr/4.3.3/avr5\libgcc.a(_fixunssfsi.o)
                0x00000092                __fixunssfsi
 .text          0x000000ea      0x354 c:/winavr-20100110/bin/../lib/gcc/avr/4.3.3/avr5\libgcc.a(_addsub_sf.o)
                0x00000382                __subsf3
                0x000003e4                __addsf3
 .text          0x0000043e      0x1f4 c:/winavr-20100110/bin/../lib/gcc/avr/4.3.3/avr5\libgcc.a(_mul_sf.o)
                0x0000043e                __mulsf3
 .text          0x00000632       0x60 c:/winavr-20100110/bin/../lib/gcc/avr/4.3.3/avr5\libgcc.a(_gt_sf.o)
                0x00000632                __gtsf2
 .text          0x00000692       0x60 c:/winavr-20100110/bin/../lib/gcc/avr/4.3.3/avr5\libgcc.a(_ge_sf.o)
                0x00000692                __gesf2
 .text          0x000006f2       0x60 c:/winavr-20100110/bin/../lib/gcc/avr/4.3.3/avr5\libgcc.a(_lt_sf.o)
                0x000006f2                __ltsf2
 .text          0x00000752       0xa8 c:/winavr-20100110/bin/../lib/gcc/avr/4.3.3/avr5\libgcc.a(_sf_to_si.o)
                0x00000752                __fixsfsi
 .text          0x000007fa        0x0 c:/winavr-20100110/bin/../lib/gcc/avr/4.3.3/avr5\libgcc.a(_thenan_sf.o)
 .text          0x000007fa        0x0 c:/winavr-20100110/bin/../lib/gcc/avr/4.3.3/avr5\libgcc.a(_prologue.o)
 .text          0x000007fa        0x0 c:/winavr-20100110/bin/../lib/gcc/avr/4.3.3/avr5\libgcc.a(_epilogue.o)
 .text          0x000007fa      0x1aa c:/winavr-20100110/bin/../lib/gcc/avr/4.3.3/avr5\libgcc.a(_pack_sf.o)
                0x000007fa                __pack_f
 .text          0x000009a4       0xf0 c:/winavr-20100110/bin/../lib/gcc/avr/4.3.3/avr5\libgcc.a(_unpack_sf.o)
                0x000009a4                __unpack_f
 .text          0x00000a94       0xb2 c:/winavr-20100110/bin/../lib/gcc/avr/4.3.3/avr5\libgcc.a(_fpcmp_parts_sf.o)
                0x00000a94                __fpcmp_parts_f
 .text          0x00000b46        0x0 c:/winavr-20100110/bin/../lib/gcc/avr/4.3.3/../../../../avr/lib/avr5\libc.a(itoa.o)
 .text          0x00000b46        0x0 c:/winavr-20100110/bin/../lib/gcc/avr/4.3.3/../../../../avr/lib/avr5\libc.a(strrev.o)
 .text          0x00000b46        0x0 c:/winavr-20100110/bin/../lib/gcc/avr/4.3.3/avr5\libgcc.a(_udivmodhi4.o)
                0x00000b46                . = ALIGN (0x2)
 *(.text.*)
 .text.__vector_14
                0x00000b46       0x40 ./Mydrivers/adc.o
                0x00000b46                __vector_14
 .text.ADC_init
                0x00000b86       0x1c ./Mydrivers/adc.o
                0x00000b86                ADC_init
 .text.ADC_readChannel
                0x00000ba2       0x38 ./Mydrivers/adc.o
                0x00000ba2                ADC_readChannel
 .text.EEPROM_init
                0x00000bda       0x2e ./Mydrivers/external_eeprom.o
                0x00000bda                EEPROM_init
 .text.EEPROM_writeByte
                0x00000c08       0x82 ./Mydrivers/external_eeprom.o
                0x00000c08                EEPROM_writeByte
 .text.EEPROM_readByte
                0x00000c8a       0xc0 ./Mydrivers/external_eeprom.o
                0x00000c8a                EEPROM_readByte
 .text.EEPROM_writeString
                0x00000d4a      0x260 ./Mydrivers/external_eeprom.o
                0x00000d4a                EEPROM_writeString
 .text.EEPROM_readString
                0x00000faa      0x27c ./Mydrivers/external_eeprom.o
                0x00000faa                EEPROM_readString
 .text.__vector_17
                0x00001226       0x66 ./Mydrivers/i2c.o
                0x00001226                __vector_17
 .text.TWI_init
                0x0000128c       0x56 ./Mydrivers/i2c.o
                0x0000128c                TWI_init
 .text.TWI_start
                0x000012e2       0x20 ./Mydrivers/i2c.o
                0x000012e2                TWI_start
 .text.TWI_stop
                0x00001302       0x16 ./Mydrivers/i2c.o
                0x00001302                TWI_stop
 .text.TWI_write
                0x00001318       0x2e ./Mydrivers/i2c.o
                0x00001318                TWI_write
 .text.TWI_readWithAck
                0x00001346       0x26 ./Mydrivers/i2c.o
                0x00001346                TWI_readWithAck
 .text.TWI_readWithNack
                0x0000136c       0x26 ./Mydrivers/i2c.o
                0x0000136c                TWI_readWithNack
 .text.TWI_getStatus
                0x00001392       0x16 ./Mydrivers/i2c.o
                0x00001392                TWI_getStatus
 .text.TWI_enableInterrupt
                0x000013a8       0x1c ./Mydrivers/i2c.o
                0x000013a8                TWI_enableInterrupt
 .text.TWI_disableInterrupt
                0x000013c4       0x1c ./Mydrivers/i2c.o
                0x000013c4                TWI_disableInterrupt
 .text.TWI_setCallback
                0x000013e0       0x18 ./Mydrivers/i2c.o
                0x000013e0                TWI_setCallback
 .text.__vector_5
                0x000013f8       0x66 ./Mydrivers/icu.o
                0x000013f8                __vector_5
 .text.Icu_init
                0x0000145e       0x92 ./Mydrivers/icu.o
                0x0000145e                Icu_init
 .text.Icu_setCallBack
                0x000014f0       0x24 ./Mydrivers/icu.o
                0x000014f0                Icu_setCallBack
 .text.Icu_setEdgeDetectionType
                0x00001514       0x3e ./Mydrivers/icu.o
                0x00001514                Icu_setEdgeDetectionType
 .text.Icu_getInputCaptureValue
                0x00001552       0x16 ./Mydrivers/icu.o
                0x00001552                Icu_getInputCaptureValue
 .text.Icu_clearTimerValue
                0x00001568       0x16 ./Mydrivers/icu.o
                0x00001568                Icu_clearTimerValue
 .text.Icu_deInit
                0x0000157e       0x38 ./Mydrivers/icu.o
                0x0000157e                Icu_deInit
 .text.Keypad_getPressedKey
                0x000015b6       0xe4 ./Mydrivers/keypad.o
                0x000015b6                Keypad_getPressedKey
 .text.Keypad_4x4_adjustSwitchNumber
                0x0000169a      0x14c ./Mydrivers/keypad.o
 .text.LCD_init
                0x000017e6       0x34 ./Mydrivers/lcd.o
                0x000017e6                LCD_init
 .text.LCD_sendCommand
                0x0000181a      0x3f8 ./Mydrivers/lcd.o
                0x0000181a                LCD_sendCommand
 .text.LCD_displayCharacter
                0x00001c12      0x3f8 ./Mydrivers/lcd.o
                0x00001c12                LCD_displayCharacter
 .text.LCD_displayString
                0x0000200a       0x38 ./Mydrivers/lcd.o
                0x0000200a                LCD_displayString
 .text.LCD_goToRowColumn
                0x00002042       0x8a ./Mydrivers/lcd.o
                0x00002042                LCD_goToRowColumn
 .text.LCD_displayStringRowColumn
                0x000020cc       0x32 ./Mydrivers/lcd.o
                0x000020cc                LCD_displayStringRowColumn
 .text.LCD_clearScreen
                0x000020fe       0x14 ./Mydrivers/lcd.o
                0x000020fe                LCD_clearScreen
 .text.LCD_intgerToString
                0x00002112       0x46 ./Mydrivers/lcd.o
                0x00002112                LCD_intgerToString
 .text.MOTOR_init
                0x00002158       0x2a ./Mydrivers/motor.o
                0x00002158                MOTOR_init
 .text.MOTOR_rotateClockwise
                0x00002182       0x2a ./Mydrivers/motor.o
                0x00002182                MOTOR_rotateClockwise
 .text.MOTOR_rotateAntiClockwise
                0x000021ac       0x2a ./Mydrivers/motor.o
                0x000021ac                MOTOR_rotateAntiClockwise
 .text.MOTOR_stop
                0x000021d6       0x2a ./Mydrivers/motor.o
                0x000021d6                MOTOR_stop
 .text.SPI_initMaster
                0x00002200       0x32 ./Mydrivers/spi.o
                0x00002200                SPI_initMaster
 .text.SPI_initSlave
                0x00002232       0x32 ./Mydrivers/spi.o
                0x00002232                SPI_initSlave
 .text.SPI_sendByte
                0x00002264       0x26 ./Mydrivers/spi.o
                0x00002264                SPI_sendByte
 .text.SPI_sendString
                0x0000228a       0x38 ./Mydrivers/spi.o
                0x0000228a                SPI_sendString
 .text.SPI_recieveByte
                0x000022c2       0x1e ./Mydrivers/spi.o
                0x000022c2                SPI_recieveByte
 .text.SPI_recieveString
                0x000022e0       0x86 ./Mydrivers/spi.o
                0x000022e0                SPI_recieveString
 .text.__vector_19
                0x00002366       0x66 ./Mydrivers/timers.o
                0x00002366                __vector_19
 .text.__vector_9
                0x000023cc       0x66 ./Mydrivers/timers.o
                0x000023cc                __vector_9
 .text.__vector_3
                0x00002432       0x66 ./Mydrivers/timers.o
                0x00002432                __vector_3
 .text.__vector_4
                0x00002498       0x66 ./Mydrivers/timers.o
                0x00002498                __vector_4
 .text.__vector_6
                0x000024fe       0x66 ./Mydrivers/timers.o
                0x000024fe                __vector_6
 .text.__vector_7
                0x00002564       0x66 ./Mydrivers/timers.o
                0x00002564                __vector_7
 .text.__vector_8
                0x000025ca       0x66 ./Mydrivers/timers.o
                0x000025ca                __vector_8
 .text.Timer_0_init
                0x00002630       0xba ./Mydrivers/timers.o
                0x00002630                Timer_0_init
 .text.Timer_0_setCompareValue
                0x000026ea       0x1c ./Mydrivers/timers.o
                0x000026ea                Timer_0_setCompareValue
 .text.Timer_0_setCounterValue
                0x00002706       0x1c ./Mydrivers/timers.o
                0x00002706                Timer_0_setCounterValue
 .text.Timer_0_setCompareCallBack
                0x00002722       0x24 ./Mydrivers/timers.o
                0x00002722                Timer_0_setCompareCallBack
 .text.Timer_0_setOverflowCallBack
                0x00002746       0x24 ./Mydrivers/timers.o
                0x00002746                Timer_0_setOverflowCallBack
 .text.Timer_0_EnableCompareInterrupt
                0x0000276a       0x1c ./Mydrivers/timers.o
                0x0000276a                Timer_0_EnableCompareInterrupt
 .text.Timer_0_EnableOverflowInterrupt
                0x00002786       0x1c ./Mydrivers/timers.o
                0x00002786                Timer_0_EnableOverflowInterrupt
 .text.Timer_0_DisableCompareInterrupt
                0x000027a2       0x1c ./Mydrivers/timers.o
                0x000027a2                Timer_0_DisableCompareInterrupt
 .text.Timer_0_DisableOverflowInterrupt
                0x000027be       0x1c ./Mydrivers/timers.o
                0x000027be                Timer_0_DisableOverflowInterrupt
 .text.Timer_0_deInit
                0x000027da       0x3c ./Mydrivers/timers.o
                0x000027da                Timer_0_deInit
 .text.Timer_0_setPrescalar
                0x00002816       0x28 ./Mydrivers/timers.o
                0x00002816                Timer_0_setPrescalar
 .text.Timer_2_init
                0x0000283e       0xba ./Mydrivers/timers.o
                0x0000283e                Timer_2_init
 .text.Timer_2_setCompareValue
                0x000028f8       0x1c ./Mydrivers/timers.o
                0x000028f8                Timer_2_setCompareValue
 .text.Timer_2_setCounterValue
                0x00002914       0x1c ./Mydrivers/timers.o
                0x00002914                Timer_2_setCounterValue
 .text.Timer_2_setCompareCallBack
                0x00002930       0x24 ./Mydrivers/timers.o
                0x00002930                Timer_2_setCompareCallBack
 .text.Timer_2_setOverflowCallBack
                0x00002954       0x24 ./Mydrivers/timers.o
                0x00002954                Timer_2_setOverflowCallBack
 .text.Timer_2_EnableCompareInterrupt
                0x00002978       0x1c ./Mydrivers/timers.o
                0x00002978                Timer_2_EnableCompareInterrupt
 .text.Timer_2_EnableOverflowInterrupt
                0x00002994       0x1c ./Mydrivers/timers.o
                0x00002994                Timer_2_EnableOverflowInterrupt
 .text.Timer_2_DisableCompareInterrupt
                0x000029b0       0x1c ./Mydrivers/timers.o
                0x000029b0                Timer_2_DisableCompareInterrupt
 .text.Timer_2_DisableOverflowInterrupt
                0x000029cc       0x1c ./Mydrivers/timers.o
                0x000029cc                Timer_2_DisableOverflowInterrupt
 .text.Timer_2_deInit
                0x000029e8       0x3c ./Mydrivers/timers.o
                0x000029e8                Timer_2_deInit
 .text.Timer_2_setPrescalar
                0x00002a24       0x28 ./Mydrivers/timers.o
                0x00002a24                Timer_2_setPrescalar
 .text.Timer_1_init
                0x00002a4c       0xda ./Mydrivers/timers.o
                0x00002a4c                Timer_1_init
 .text.Timer_1_deInit
                0x00002b26       0x5c ./Mydrivers/timers.o
                0x00002b26                Timer_1_deInit
 .text.Timer_1_setCompareValueA
                0x00002b82       0x24 ./Mydrivers/timers.o
                0x00002b82                Timer_1_setCompareValueA
 .text.Timer_1_setCompareValueB
                0x00002ba6       0x24 ./Mydrivers/timers.o
                0x00002ba6                Timer_1_setCompareValueB
 .text.Timer_1_setCounterValue
                0x00002bca       0x24 ./Mydrivers/timers.o
                0x00002bca                Timer_1_setCounterValue
 .text.Timer_1_setCompareACallBack
                0x00002bee       0x24 ./Mydrivers/timers.o
                0x00002bee                Timer_1_setCompareACallBack
 .text.Timer_1_setCompareBCallBack
                0x00002c12       0x24 ./Mydrivers/timers.o
                0x00002c12                Timer_1_setCompareBCallBack
 .text.Timer_1_setOverflowCallBack
                0x00002c36       0x24 ./Mydrivers/timers.o
                0x00002c36                Timer_1_setOverflowCallBack
 .text.Timer_1_EnableCompareAInterrupt
                0x00002c5a       0x1c ./Mydrivers/timers.o
                0x00002c5a                Timer_1_EnableCompareAInterrupt
 .text.Timer_1_EnableCompareBInterrupt
                0x00002c76       0x1c ./Mydrivers/timers.o
                0x00002c76                Timer_1_EnableCompareBInterrupt
 .text.Timer_1_EnableOverflowInterrupt
                0x00002c92       0x1c ./Mydrivers/timers.o
                0x00002c92                Timer_1_EnableOverflowInterrupt
 .text.Timer_1_DisableCompareAInterrupt
                0x00002cae       0x1c ./Mydrivers/timers.o
                0x00002cae                Timer_1_DisableCompareAInterrupt
 .text.Timer_1_DisableCompareBInterrupt
                0x00002cca       0x1c ./Mydrivers/timers.o
                0x00002cca                Timer_1_DisableCompareBInterrupt
 .text.Timer_1_DisableOverflowInterrupt
                0x00002ce6       0x1c ./Mydrivers/timers.o
                0x00002ce6                Timer_1_DisableOverflowInterrupt
 .text.Timer_1_setPrescalar
                0x00002d02       0x28 ./Mydrivers/timers.o
                0x00002d02                Timer_1_setPrescalar
 .text.__vector_11
                0x00002d2a       0x66 ./Mydrivers/uart.o
                0x00002d2a                __vector_11
 .text.__vector_13
                0x00002d90       0x66 ./Mydrivers/uart.o
                0x00002d90                __vector_13
 .text.__vector_12
                0x00002df6       0x66 ./Mydrivers/uart.o
                0x00002df6                __vector_12
 .text.UART_init
                0x00002e5c       0xec ./Mydrivers/uart.o
                0x00002e5c                UART_init
 .text.UART_sendData
                0x00002f48       0x52 ./Mydrivers/uart.o
                0x00002f48                UART_sendData
 .text.UART_recieveData
                0x00002f9a       0x6e ./Mydrivers/uart.o
                0x00002f9a                UART_recieveData
 .text.UART_sendString
                0x00003008       0x3c ./Mydrivers/uart.o
                0x00003008                UART_sendString
 .text.UART_recieveString
                0x00003044       0x86 ./Mydrivers/uart.o
                0x00003044                UART_recieveString
 .text.UART_setRecieveCompleteCallback
                0x000030ca       0x24 ./Mydrivers/uart.o
                0x000030ca                UART_setRecieveCompleteCallback
 .text.UART_setTransmitCompleteCallback
                0x000030ee       0x24 ./Mydrivers/uart.o
                0x000030ee                UART_setTransmitCompleteCallback
 .text.UART_setDataEmptyCallback
                0x00003112       0x24 ./Mydrivers/uart.o
                0x00003112                UART_setDataEmptyCallback
 .text.UART_enableRecieveCompleteInterrupt
                0x00003136       0x1c ./Mydrivers/uart.o
                0x00003136                UART_enableRecieveCompleteInterrupt
 .text.UART_enableTransmitCompleteInterrupt
                0x00003152       0x1c ./Mydrivers/uart.o
                0x00003152                UART_enableTransmitCompleteInterrupt
 .text.UART_enableDataEmptyInterrupt
                0x0000316e       0x1c ./Mydrivers/uart.o
                0x0000316e                UART_enableDataEmptyInterrupt
 .text.UART_disableRecieveCompleteInterrupt
                0x0000318a       0x1c ./Mydrivers/uart.o
                0x0000318a                UART_disableRecieveCompleteInterrupt
 .text.UART_disableTransmitCompleteInterrupt
                0x000031a6       0x1c ./Mydrivers/uart.o
                0x000031a6                UART_disableTransmitCompleteInterrupt
 .text.UART_disableDataEmptyInterrupt
                0x000031c2       0x1c ./Mydrivers/uart.o
                0x000031c2                UART_disableDataEmptyInterrupt
 .text.Timer_1_delaySeconds
                0x000031de       0xb8 ./main.o
                0x000031de                Timer_1_delaySeconds
 .text.init_APP_MC1
                0x00003296       0xae ./main.o
                0x00003296                init_APP_MC1
 .text.send_Password
                0x00003344       0xc0 ./main.o
                0x00003344                send_Password
 .text.opening_door
                0x00003404       0x28 ./main.o
                0x00003404                opening_door
 .text.main     0x0000342c       0xf6 ./main.o
                0x0000342c                main
 .text.libgcc   0x00003522       0x44 c:/winavr-20100110/bin/../lib/gcc/avr/4.3.3/avr5\libgcc.a(_udivmodsi4.o)
                0x00003522                __udivmodsi4
 .text.libgcc   0x00003566        0x0 c:/winavr-20100110/bin/../lib/gcc/avr/4.3.3/avr5\libgcc.a(_exit.o)
 .text.libgcc   0x00003566        0x0 c:/winavr-20100110/bin/../lib/gcc/avr/4.3.3/avr5\libgcc.a(_copy_data.o)
 .text.libgcc   0x00003566        0x0 c:/winavr-20100110/bin/../lib/gcc/avr/4.3.3/avr5\libgcc.a(_clear_bss.o)
 .text.libgcc   0x00003566       0x38 c:/winavr-20100110/bin/../lib/gcc/avr/4.3.3/avr5\libgcc.a(_prologue.o)
                0x00003566                __prologue_saves__
 .text.libgcc   0x0000359e       0x36 c:/winavr-20100110/bin/../lib/gcc/avr/4.3.3/avr5\libgcc.a(_epilogue.o)
                0x0000359e                __epilogue_restores__
 .text.avr-libc
                0x000035d4       0x42 c:/winavr-20100110/bin/../lib/gcc/avr/4.3.3/../../../../avr/lib/avr5\libc.a(itoa.o)
                0x000035d4                itoa
 .text.avr-libc
                0x00003616       0x20 c:/winavr-20100110/bin/../lib/gcc/avr/4.3.3/../../../../avr/lib/avr5\libc.a(strrev.o)
                0x00003616                strrev
 .text.libgcc   0x00003636       0x28 c:/winavr-20100110/bin/../lib/gcc/avr/4.3.3/avr5\libgcc.a(_udivmodhi4.o)
                0x00003636                __udivmodhi4
                0x0000365e                . = ALIGN (0x2)
 *(.fini9)
 .fini9         0x0000365e        0x0 c:/winavr-20100110/bin/../lib/gcc/avr/4.3.3/avr5\libgcc.a(_exit.o)
                0x0000365e                exit
                0x0000365e                _exit
 *(.fini9)
 *(.fini8)
 *(.fini8)
 *(.fini7)
 *(.fini7)
 *(.fini6)
 *(.fini6)
 *(.fini5)
 *(.fini5)
 *(.fini4)
 *(.fini4)
 *(.fini3)
 *(.fini3)
 *(.fini2)
 *(.fini2)
 *(.fini1)
 *(.fini1)
 *(.fini0)
 .fini0         0x0000365e        0x4 c:/winavr-20100110/bin/../lib/gcc/avr/4.3.3/avr5\libgcc.a(_exit.o)
 *(.fini0)
                0x00003662                _etext = .

.data           0x00800060       0xb0 load address 0x00003662
                0x00800060                PROVIDE (__data_start, .)
 *(.data)
 .data          0x00800060        0x0 c:/winavr-20100110/bin/../lib/gcc/avr/4.3.3/../../../../avr/lib/avr5/crtm16.o
 .data          0x00800060        0x0 ./Mydrivers/adc.o
 .data          0x00800060        0x0 ./Mydrivers/external_eeprom.o
 .data          0x00800060        0x0 ./Mydrivers/i2c.o
 .data          0x00800060        0x0 ./Mydrivers/icu.o
 .data          0x00800060        0x0 ./Mydrivers/keypad.o
 .data          0x00800060        0x0 ./Mydrivers/lcd.o
 .data          0x00800060        0x0 ./Mydrivers/motor.o
 .data          0x00800060        0x0 ./Mydrivers/spi.o
 .data          0x00800060        0x0 ./Mydrivers/timers.o
 .data          0x00800060        0x0 ./Mydrivers/uart.o
 .data          0x00800060       0x98 ./main.o
 .data          0x008000f8        0x0 c:/winavr-20100110/bin/../lib/gcc/avr/4.3.3/avr5\libgcc.a(_udivmodsi4.o)
 .data          0x008000f8        0x0 c:/winavr-20100110/bin/../lib/gcc/avr/4.3.3/avr5\libgcc.a(_exit.o)
 .data          0x008000f8        0x0 c:/winavr-20100110/bin/../lib/gcc/avr/4.3.3/avr5\libgcc.a(_copy_data.o)
 .data          0x008000f8        0x0 c:/winavr-20100110/bin/../lib/gcc/avr/4.3.3/avr5\libgcc.a(_clear_bss.o)
 .data          0x008000f8        0x0 c:/winavr-20100110/bin/../lib/gcc/avr/4.3.3/avr5\libgcc.a(_fixunssfsi.o)
 .data          0x008000f8        0x0 c:/winavr-20100110/bin/../lib/gcc/avr/4.3.3/avr5\libgcc.a(_addsub_sf.o)
 .data          0x008000f8        0x0 c:/winavr-20100110/bin/../lib/gcc/avr/4.3.3/avr5\libgcc.a(_mul_sf.o)
 .data          0x008000f8        0x0 c:/winavr-20100110/bin/../lib/gcc/avr/4.3.3/avr5\libgcc.a(_gt_sf.o)
 .data          0x008000f8        0x0 c:/winavr-20100110/bin/../lib/gcc/avr/4.3.3/avr5\libgcc.a(_ge_sf.o)
 .data          0x008000f8        0x0 c:/winavr-20100110/bin/../lib/gcc/avr/4.3.3/avr5\libgcc.a(_lt_sf.o)
 .data          0x008000f8        0x0 c:/winavr-20100110/bin/../lib/gcc/avr/4.3.3/avr5\libgcc.a(_sf_to_si.o)
 .data          0x008000f8        0x8 c:/winavr-20100110/bin/../lib/gcc/avr/4.3.3/avr5\libgcc.a(_thenan_sf.o)
                0x008000f8                __thenan_sf
 .data          0x00800100        0x0 c:/winavr-20100110/bin/../lib/gcc/avr/4.3.3/avr5\libgcc.a(_prologue.o)
 .data          0x00800100        0x0 c:/winavr-20100110/bin/../lib/gcc/avr/4.3.3/avr5\libgcc.a(_epilogue.o)
 .data          0x00800100        0x0 c:/winavr-20100110/bin/../lib/gcc/avr/4.3.3/avr5\libgcc.a(_pack_sf.o)
 .data          0x00800100        0x0 c:/winavr-20100110/bin/../lib/gcc/avr/4.3.3/avr5\libgcc.a(_unpack_sf.o)
 .data          0x00800100        0x0 c:/winavr-20100110/bin/../lib/gcc/avr/4.3.3/avr5\libgcc.a(_fpcmp_parts_sf.o)
 .data          0x00800100        0x0 c:/winavr-20100110/bin/../lib/gcc/avr/4.3.3/../../../../avr/lib/avr5\libc.a(itoa.o)
 .data          0x00800100        0x0 c:/winavr-20100110/bin/../lib/gcc/avr/4.3.3/../../../../avr/lib/avr5\libc.a(strrev.o)
 .data          0x00800100        0x0 c:/winavr-20100110/bin/../lib/gcc/avr/4.3.3/avr5\libgcc.a(_udivmodhi4.o)
 *(.data*)
 *(.rodata)
 *(.rodata*)
 .rodata.C.0.1508
                0x00800100        0x8 ./main.o
 .rodata.C.1.1521
                0x00800108        0x8 ./main.o
 *(.gnu.linkonce.d*)
                0x00800110                . = ALIGN (0x2)
                0x00800110                _edata = .
                0x00800110                PROVIDE (__data_end, .)

.bss            0x00800110       0x1a
                0x00800110                PROVIDE (__bss_start, .)
 *(.bss)
 .bss           0x00800110        0x0 c:/winavr-20100110/bin/../lib/gcc/avr/4.3.3/../../../../avr/lib/avr5/crtm16.o
 .bss           0x00800110        0x0 ./Mydrivers/adc.o
 .bss           0x00800110        0x0 ./Mydrivers/external_eeprom.o
 .bss           0x00800110        0x0 ./Mydrivers/i2c.o
 .bss           0x00800110        0x0 ./Mydrivers/icu.o
 .bss           0x00800110        0x0 ./Mydrivers/keypad.o
 .bss           0x00800110        0x0 ./Mydrivers/lcd.o
 .bss           0x00800110        0x0 ./Mydrivers/motor.o
 .bss           0x00800110        0x0 ./Mydrivers/spi.o
 .bss           0x00800110        0x0 ./Mydrivers/timers.o
 .bss           0x00800110        0x0 ./Mydrivers/uart.o
 .bss           0x00800110        0x0 ./main.o
 .bss           0x00800110        0x0 c:/winavr-20100110/bin/../lib/gcc/avr/4.3.3/avr5\libgcc.a(_udivmodsi4.o)
 .bss           0x00800110        0x0 c:/winavr-20100110/bin/../lib/gcc/avr/4.3.3/avr5\libgcc.a(_exit.o)
 .bss           0x00800110        0x0 c:/winavr-20100110/bin/../lib/gcc/avr/4.3.3/avr5\libgcc.a(_copy_data.o)
 .bss           0x00800110        0x0 c:/winavr-20100110/bin/../lib/gcc/avr/4.3.3/avr5\libgcc.a(_clear_bss.o)
 .bss           0x00800110        0x0 c:/winavr-20100110/bin/../lib/gcc/avr/4.3.3/avr5\libgcc.a(_fixunssfsi.o)
 .bss           0x00800110        0x0 c:/winavr-20100110/bin/../lib/gcc/avr/4.3.3/avr5\libgcc.a(_addsub_sf.o)
 .bss           0x00800110        0x0 c:/winavr-20100110/bin/../lib/gcc/avr/4.3.3/avr5\libgcc.a(_mul_sf.o)
 .bss           0x00800110        0x0 c:/winavr-20100110/bin/../lib/gcc/avr/4.3.3/avr5\libgcc.a(_gt_sf.o)
 .bss           0x00800110        0x0 c:/winavr-20100110/bin/../lib/gcc/avr/4.3.3/avr5\libgcc.a(_ge_sf.o)
 .bss           0x00800110        0x0 c:/winavr-20100110/bin/../lib/gcc/avr/4.3.3/avr5\libgcc.a(_lt_sf.o)
 .bss           0x00800110        0x0 c:/winavr-20100110/bin/../lib/gcc/avr/4.3.3/avr5\libgcc.a(_sf_to_si.o)
 .bss           0x00800110        0x0 c:/winavr-20100110/bin/../lib/gcc/avr/4.3.3/avr5\libgcc.a(_thenan_sf.o)
 .bss           0x00800110        0x0 c:/winavr-20100110/bin/../lib/gcc/avr/4.3.3/avr5\libgcc.a(_prologue.o)
 .bss           0x00800110        0x0 c:/winavr-20100110/bin/../lib/gcc/avr/4.3.3/avr5\libgcc.a(_epilogue.o)
 .bss           0x00800110        0x0 c:/winavr-20100110/bin/../lib/gcc/avr/4.3.3/avr5\libgcc.a(_pack_sf.o)
 .bss           0x00800110        0x0 c:/winavr-20100110/bin/../lib/gcc/avr/4.3.3/avr5\libgcc.a(_unpack_sf.o)
 .bss           0x00800110        0x0 c:/winavr-20100110/bin/../lib/gcc/avr/4.3.3/avr5\libgcc.a(_fpcmp_parts_sf.o)
 .bss           0x00800110        0x0 c:/winavr-20100110/bin/../lib/gcc/avr/4.3.3/../../../../avr/lib/avr5\libc.a(itoa.o)
 .bss           0x00800110        0x0 c:/winavr-20100110/bin/../lib/gcc/avr/4.3.3/../../../../avr/lib/avr5\libc.a(strrev.o)
 .bss           0x00800110        0x0 c:/winavr-20100110/bin/../lib/gcc/avr/4.3.3/avr5\libgcc.a(_udivmodhi4.o)
 *(.bss*)
 .bss.g_TWI_callBackPtr
                0x00800110        0x2 ./Mydrivers/i2c.o
 .bss.g_callBackPtr
                0x00800112        0x2 ./Mydrivers/icu.o
 .bss.g_Timer_0_Overflow_callBackPtr
                0x00800114        0x2 ./Mydrivers/timers.o
 .bss.g_Timer_0_Compare_callBackPtr
                0x00800116        0x2 ./Mydrivers/timers.o
 .bss.g_Timer_2_Overflow_callBackPtr
                0x00800118        0x2 ./Mydrivers/timers.o
 .bss.g_Timer_2_Compare_callBackPtr
                0x0080011a        0x2 ./Mydrivers/timers.o
 .bss.g_Timer_1_Overflow_callBackPtr
                0x0080011c        0x2 ./Mydrivers/timers.o
 .bss.g_Timer_1_CompareA_callBackPtr
                0x0080011e        0x2 ./Mydrivers/timers.o
 .bss.g_Timer_1_CompareB_callBackPtr
                0x00800120        0x2 ./Mydrivers/timers.o
 .bss.g_UART_Recieve_Complete_callBackPtr
                0x00800122        0x2 ./Mydrivers/uart.o
 .bss.g_UART_Transmit_Complete_callBackPtr
                0x00800124        0x2 ./Mydrivers/uart.o
 .bss.g_UART_DataReg_Empty_callBackPtr
                0x00800126        0x2 ./Mydrivers/uart.o
 *(COMMON)
 COMMON         0x00800128        0x2 ./Mydrivers/adc.o
                0x00800128                g_adcResult
                0x0080012a                PROVIDE (__bss_end, .)
                0x00003662                __data_load_start = LOADADDR (.data)
                0x00003712                __data_load_end = (__data_load_start + SIZEOF (.data))

.noinit         0x0080012a        0x0
                0x0080012a                PROVIDE (__noinit_start, .)
 *(.noinit*)
                0x0080012a                PROVIDE (__noinit_end, .)
                0x0080012a                _end = .
                0x0080012a                PROVIDE (__heap_start, .)

.eeprom         0x00810000        0x0
 *(.eeprom*)
                0x00810000                __eeprom_end = .

.fuse
 *(.fuse)
 *(.lfuse)
 *(.hfuse)
 *(.efuse)

.lock
 *(.lock*)

.signature
 *(.signature*)

.stab           0x00000000     0x3ffc
 *(.stab)
 .stab          0x00000000      0x45c ./Mydrivers/adc.o
 .stab          0x0000045c      0x864 ./Mydrivers/external_eeprom.o
                                0xabc (size before relaxing)
 .stab          0x00000cc0      0x3f0 ./Mydrivers/i2c.o
                                0x690 (size before relaxing)
 .stab          0x000010b0      0x384 ./Mydrivers/icu.o
                                0x5dc (size before relaxing)
 .stab          0x00001434      0x30c ./Mydrivers/keypad.o
                                0x564 (size before relaxing)
 .stab          0x00001740      0xa2c ./Mydrivers/lcd.o
                                0xc84 (size before relaxing)
 .stab          0x0000216c      0x234 ./Mydrivers/motor.o
                                0x48c (size before relaxing)
 .stab          0x000023a0      0x348 ./Mydrivers/spi.o
                                0x5a0 (size before relaxing)
 .stab          0x000026e8      0xcc0 ./Mydrivers/timers.o
                                0xf18 (size before relaxing)
 .stab          0x000033a8      0x6cc ./Mydrivers/uart.o
                                0x924 (size before relaxing)
 .stab          0x00003a74      0x588 ./main.o
                                0x90c (size before relaxing)

.stabstr        0x00000000     0x24cd
 *(.stabstr)
 .stabstr       0x00000000     0x24cd ./Mydrivers/adc.o

.stab.excl
 *(.stab.excl)

.stab.exclstr
 *(.stab.exclstr)

.stab.index
 *(.stab.index)

.stab.indexstr
 *(.stab.indexstr)

.comment
 *(.comment)

.debug
 *(.debug)

.line
 *(.line)

.debug_srcinfo
 *(.debug_srcinfo)

.debug_sfnames
 *(.debug_sfnames)

.debug_aranges  0x00000000      0x140
 *(.debug_aranges)
 .debug_aranges
                0x00000000       0x20 c:/winavr-20100110/bin/../lib/gcc/avr/4.3.3/avr5\libgcc.a(_fixunssfsi.o)
 .debug_aranges
                0x00000020       0x20 c:/winavr-20100110/bin/../lib/gcc/avr/4.3.3/avr5\libgcc.a(_addsub_sf.o)
 .debug_aranges
                0x00000040       0x20 c:/winavr-20100110/bin/../lib/gcc/avr/4.3.3/avr5\libgcc.a(_mul_sf.o)
 .debug_aranges
                0x00000060       0x20 c:/winavr-20100110/bin/../lib/gcc/avr/4.3.3/avr5\libgcc.a(_gt_sf.o)
 .debug_aranges
                0x00000080       0x20 c:/winavr-20100110/bin/../lib/gcc/avr/4.3.3/avr5\libgcc.a(_ge_sf.o)
 .debug_aranges
                0x000000a0       0x20 c:/winavr-20100110/bin/../lib/gcc/avr/4.3.3/avr5\libgcc.a(_lt_sf.o)
 .debug_aranges
                0x000000c0       0x20 c:/winavr-20100110/bin/../lib/gcc/avr/4.3.3/avr5\libgcc.a(_sf_to_si.o)
 .debug_aranges
                0x000000e0       0x20 c:/winavr-20100110/bin/../lib/gcc/avr/4.3.3/avr5\libgcc.a(_pack_sf.o)
 .debug_aranges
                0x00000100       0x20 c:/winavr-20100110/bin/../lib/gcc/avr/4.3.3/avr5\libgcc.a(_unpack_sf.o)
 .debug_aranges
                0x00000120       0x20 c:/winavr-20100110/bin/../lib/gcc/avr/4.3.3/avr5\libgcc.a(_fpcmp_parts_sf.o)

.debug_pubnames
                0x00000000      0x170
 *(.debug_pubnames)
 .debug_pubnames
                0x00000000       0x23 c:/winavr-20100110/bin/../lib/gcc/avr/4.3.3/avr5\libgcc.a(_fixunssfsi.o)
 .debug_pubnames
                0x00000023       0x2c c:/winavr-20100110/bin/../lib/gcc/avr/4.3.3/avr5\libgcc.a(_addsub_sf.o)
 .debug_pubnames
                0x0000004f       0x1f c:/winavr-20100110/bin/../lib/gcc/avr/4.3.3/avr5\libgcc.a(_mul_sf.o)
 .debug_pubnames
                0x0000006e       0x1e c:/winavr-20100110/bin/../lib/gcc/avr/4.3.3/avr5\libgcc.a(_gt_sf.o)
 .debug_pubnames
                0x0000008c       0x1e c:/winavr-20100110/bin/../lib/gcc/avr/4.3.3/avr5\libgcc.a(_ge_sf.o)
 .debug_pubnames
                0x000000aa       0x1e c:/winavr-20100110/bin/../lib/gcc/avr/4.3.3/avr5\libgcc.a(_lt_sf.o)
 .debug_pubnames
                0x000000c8       0x20 c:/winavr-20100110/bin/../lib/gcc/avr/4.3.3/avr5\libgcc.a(_sf_to_si.o)
 .debug_pubnames
                0x000000e8       0x22 c:/winavr-20100110/bin/../lib/gcc/avr/4.3.3/avr5\libgcc.a(_thenan_sf.o)
 .debug_pubnames
                0x0000010a       0x1f c:/winavr-20100110/bin/../lib/gcc/avr/4.3.3/avr5\libgcc.a(_pack_sf.o)
 .debug_pubnames
                0x00000129       0x21 c:/winavr-20100110/bin/../lib/gcc/avr/4.3.3/avr5\libgcc.a(_unpack_sf.o)
 .debug_pubnames
                0x0000014a       0x26 c:/winavr-20100110/bin/../lib/gcc/avr/4.3.3/avr5\libgcc.a(_fpcmp_parts_sf.o)

.debug_info     0x00000000     0x1c49
 *(.debug_info)
 .debug_info    0x00000000       0xb1 c:/winavr-20100110/bin/../lib/gcc/avr/4.3.3/avr5\libgcc.a(_fixunssfsi.o)
 .debug_info    0x000000b1      0x47a c:/winavr-20100110/bin/../lib/gcc/avr/4.3.3/avr5\libgcc.a(_addsub_sf.o)
 .debug_info    0x0000052b      0x485 c:/winavr-20100110/bin/../lib/gcc/avr/4.3.3/avr5\libgcc.a(_mul_sf.o)
 .debug_info    0x000009b0      0x27f c:/winavr-20100110/bin/../lib/gcc/avr/4.3.3/avr5\libgcc.a(_gt_sf.o)
 .debug_info    0x00000c2f      0x27f c:/winavr-20100110/bin/../lib/gcc/avr/4.3.3/avr5\libgcc.a(_ge_sf.o)
 .debug_info    0x00000eae      0x27f c:/winavr-20100110/bin/../lib/gcc/avr/4.3.3/avr5\libgcc.a(_lt_sf.o)
 .debug_info    0x0000112d      0x2b0 c:/winavr-20100110/bin/../lib/gcc/avr/4.3.3/avr5\libgcc.a(_sf_to_si.o)
 .debug_info    0x000013dd      0x12c c:/winavr-20100110/bin/../lib/gcc/avr/4.3.3/avr5\libgcc.a(_thenan_sf.o)
 .debug_info    0x00001509      0x2df c:/winavr-20100110/bin/../lib/gcc/avr/4.3.3/avr5\libgcc.a(_pack_sf.o)
 .debug_info    0x000017e8      0x251 c:/winavr-20100110/bin/../lib/gcc/avr/4.3.3/avr5\libgcc.a(_unpack_sf.o)
 .debug_info    0x00001a39      0x210 c:/winavr-20100110/bin/../lib/gcc/avr/4.3.3/avr5\libgcc.a(_fpcmp_parts_sf.o)
 *(.gnu.linkonce.wi.*)

.debug_abbrev   0x00000000      0xeeb
 *(.debug_abbrev)
 .debug_abbrev  0x00000000       0x5d c:/winavr-20100110/bin/../lib/gcc/avr/4.3.3/avr5\libgcc.a(_fixunssfsi.o)
 .debug_abbrev  0x0000005d      0x1ea c:/winavr-20100110/bin/../lib/gcc/avr/4.3.3/avr5\libgcc.a(_addsub_sf.o)
 .debug_abbrev  0x00000247      0x21b c:/winavr-20100110/bin/../lib/gcc/avr/4.3.3/avr5\libgcc.a(_mul_sf.o)
 .debug_abbrev  0x00000462      0x15a c:/winavr-20100110/bin/../lib/gcc/avr/4.3.3/avr5\libgcc.a(_gt_sf.o)
 .debug_abbrev  0x000005bc      0x15a c:/winavr-20100110/bin/../lib/gcc/avr/4.3.3/avr5\libgcc.a(_ge_sf.o)
 .debug_abbrev  0x00000716      0x15a c:/winavr-20100110/bin/../lib/gcc/avr/4.3.3/avr5\libgcc.a(_lt_sf.o)
 .debug_abbrev  0x00000870      0x17f c:/winavr-20100110/bin/../lib/gcc/avr/4.3.3/avr5\libgcc.a(_sf_to_si.o)
 .debug_abbrev  0x000009ef       0xad c:/winavr-20100110/bin/../lib/gcc/avr/4.3.3/avr5\libgcc.a(_thenan_sf.o)
 .debug_abbrev  0x00000a9c      0x1c0 c:/winavr-20100110/bin/../lib/gcc/avr/4.3.3/avr5\libgcc.a(_pack_sf.o)
 .debug_abbrev  0x00000c5c      0x154 c:/winavr-20100110/bin/../lib/gcc/avr/4.3.3/avr5\libgcc.a(_unpack_sf.o)
 .debug_abbrev  0x00000db0      0x13b c:/winavr-20100110/bin/../lib/gcc/avr/4.3.3/avr5\libgcc.a(_fpcmp_parts_sf.o)

.debug_line     0x00000000      0xdad
 *(.debug_line)
 .debug_line    0x00000000       0xa7 c:/winavr-20100110/bin/../lib/gcc/avr/4.3.3/avr5\libgcc.a(_fixunssfsi.o)
 .debug_line    0x000000a7      0x2af c:/winavr-20100110/bin/../lib/gcc/avr/4.3.3/avr5\libgcc.a(_addsub_sf.o)
 .debug_line    0x00000356      0x239 c:/winavr-20100110/bin/../lib/gcc/avr/4.3.3/avr5\libgcc.a(_mul_sf.o)
 .debug_line    0x0000058f       0xd3 c:/winavr-20100110/bin/../lib/gcc/avr/4.3.3/avr5\libgcc.a(_gt_sf.o)
 .debug_line    0x00000662       0xd3 c:/winavr-20100110/bin/../lib/gcc/avr/4.3.3/avr5\libgcc.a(_ge_sf.o)
 .debug_line    0x00000735       0xd3 c:/winavr-20100110/bin/../lib/gcc/avr/4.3.3/avr5\libgcc.a(_lt_sf.o)
 .debug_line    0x00000808      0x109 c:/winavr-20100110/bin/../lib/gcc/avr/4.3.3/avr5\libgcc.a(_sf_to_si.o)
 .debug_line    0x00000911       0x90 c:/winavr-20100110/bin/../lib/gcc/avr/4.3.3/avr5\libgcc.a(_thenan_sf.o)
 .debug_line    0x000009a1      0x18a c:/winavr-20100110/bin/../lib/gcc/avr/4.3.3/avr5\libgcc.a(_pack_sf.o)
 .debug_line    0x00000b2b      0x14b c:/winavr-20100110/bin/../lib/gcc/avr/4.3.3/avr5\libgcc.a(_unpack_sf.o)
 .debug_line    0x00000c76      0x137 c:/winavr-20100110/bin/../lib/gcc/avr/4.3.3/avr5\libgcc.a(_fpcmp_parts_sf.o)

.debug_frame    0x00000000      0x160
 *(.debug_frame)
 .debug_frame   0x00000000       0x20 c:/winavr-20100110/bin/../lib/gcc/avr/4.3.3/avr5\libgcc.a(_fixunssfsi.o)
 .debug_frame   0x00000020       0x40 c:/winavr-20100110/bin/../lib/gcc/avr/4.3.3/avr5\libgcc.a(_addsub_sf.o)
 .debug_frame   0x00000060       0x20 c:/winavr-20100110/bin/../lib/gcc/avr/4.3.3/avr5\libgcc.a(_mul_sf.o)
 .debug_frame   0x00000080       0x20 c:/winavr-20100110/bin/../lib/gcc/avr/4.3.3/avr5\libgcc.a(_gt_sf.o)
 .debug_frame   0x000000a0       0x20 c:/winavr-20100110/bin/../lib/gcc/avr/4.3.3/avr5\libgcc.a(_ge_sf.o)
 .debug_frame   0x000000c0       0x20 c:/winavr-20100110/bin/../lib/gcc/avr/4.3.3/avr5\libgcc.a(_lt_sf.o)
 .debug_frame   0x000000e0       0x20 c:/winavr-20100110/bin/../lib/gcc/avr/4.3.3/avr5\libgcc.a(_sf_to_si.o)
 .debug_frame   0x00000100       0x20 c:/winavr-20100110/bin/../lib/gcc/avr/4.3.3/avr5\libgcc.a(_pack_sf.o)
 .debug_frame   0x00000120       0x20 c:/winavr-20100110/bin/../lib/gcc/avr/4.3.3/avr5\libgcc.a(_unpack_sf.o)
 .debug_frame   0x00000140       0x20 c:/winavr-20100110/bin/../lib/gcc/avr/4.3.3/avr5\libgcc.a(_fpcmp_parts_sf.o)

.debug_str      0x00000000      0x28d
 *(.debug_str)
 .debug_str     0x00000000       0xbf c:/winavr-20100110/bin/../lib/gcc/avr/4.3.3/avr5\libgcc.a(_fixunssfsi.o)
                                 0xfe (size before relaxing)
 .debug_str     0x000000bf      0x14d c:/winavr-20100110/bin/../lib/gcc/avr/4.3.3/avr5\libgcc.a(_addsub_sf.o)
                                0x206 (size before relaxing)
 .debug_str     0x0000020c       0x27 c:/winavr-20100110/bin/../lib/gcc/avr/4.3.3/avr5\libgcc.a(_mul_sf.o)
                                0x1bf (size before relaxing)
 .debug_str     0x00000233        0xf c:/winavr-20100110/bin/../lib/gcc/avr/4.3.3/avr5\libgcc.a(_gt_sf.o)
                                0x195 (size before relaxing)
 .debug_str     0x00000242        0x8 c:/winavr-20100110/bin/../lib/gcc/avr/4.3.3/avr5\libgcc.a(_ge_sf.o)
                                0x195 (size before relaxing)
 .debug_str     0x0000024a        0x8 c:/winavr-20100110/bin/../lib/gcc/avr/4.3.3/avr5\libgcc.a(_lt_sf.o)
                                0x195 (size before relaxing)
 .debug_str     0x00000252        0xa c:/winavr-20100110/bin/../lib/gcc/avr/4.3.3/avr5\libgcc.a(_sf_to_si.o)
                                0x19e (size before relaxing)
 .debug_str     0x00000000      0x103 c:/winavr-20100110/bin/../lib/gcc/avr/4.3.3/avr5\libgcc.a(_thenan_sf.o)
 .debug_str     0x0000025c       0x16 c:/winavr-20100110/bin/../lib/gcc/avr/4.3.3/avr5\libgcc.a(_pack_sf.o)
                                0x19d (size before relaxing)
 .debug_str     0x00000272        0xb c:/winavr-20100110/bin/../lib/gcc/avr/4.3.3/avr5\libgcc.a(_unpack_sf.o)
                                0x17f (size before relaxing)
 .debug_str     0x0000027d       0x10 c:/winavr-20100110/bin/../lib/gcc/avr/4.3.3/avr5\libgcc.a(_fpcmp_parts_sf.o)
                                0x163 (size before relaxing)

.debug_loc      0x00000000      0x7ce
 *(.debug_loc)
 .debug_loc     0x00000000       0x34 c:/winavr-20100110/bin/../lib/gcc/avr/4.3.3/avr5\libgcc.a(_fixunssfsi.o)
 .debug_loc     0x00000034      0x32a c:/winavr-20100110/bin/../lib/gcc/avr/4.3.3/avr5\libgcc.a(_addsub_sf.o)
 .debug_loc     0x0000035e      0x104 c:/winavr-20100110/bin/../lib/gcc/avr/4.3.3/avr5\libgcc.a(_mul_sf.o)
 .debug_loc     0x00000462       0x3c c:/winavr-20100110/bin/../lib/gcc/avr/4.3.3/avr5\libgcc.a(_gt_sf.o)
 .debug_loc     0x0000049e       0x3c c:/winavr-20100110/bin/../lib/gcc/avr/4.3.3/avr5\libgcc.a(_ge_sf.o)
 .debug_loc     0x000004da       0x3c c:/winavr-20100110/bin/../lib/gcc/avr/4.3.3/avr5\libgcc.a(_lt_sf.o)
 .debug_loc     0x00000516       0x7e c:/winavr-20100110/bin/../lib/gcc/avr/4.3.3/avr5\libgcc.a(_sf_to_si.o)
 .debug_loc     0x00000594      0x13e c:/winavr-20100110/bin/../lib/gcc/avr/4.3.3/avr5\libgcc.a(_pack_sf.o)
 .debug_loc     0x000006d2       0xac c:/winavr-20100110/bin/../lib/gcc/avr/4.3.3/avr5\libgcc.a(_unpack_sf.o)
 .debug_loc     0x0000077e       0x50 c:/winavr-20100110/bin/../lib/gcc/avr/4.3.3/avr5\libgcc.a(_fpcmp_parts_sf.o)

.debug_macinfo
 *(.debug_macinfo)
OUTPUT(FINAL_Proj_MC1_HMI.elf elf32-avr)
LOAD linker stubs

.debug_ranges   0x00000000       0x50
 .debug_ranges  0x00000000       0x50 c:/winavr-20100110/bin/../lib/gcc/avr/4.3.3/avr5\libgcc.a(_mul_sf.o)
